Starting project at /app/outfit-swiper
(node:1353982) [DEP0040] DeprecationWarning: The `punycode` module is deprecated. Please use a userland alternative instead.
(Use `node --trace-deprecation ...` to show where the warning was created)
Starting Metro Bundler
warning: Bundler cache is empty, rebuilding (this may take a minute)
Waiting on http://localhost:8081
Logs for your project will appear below.
Web Bundled 19255ms node_modules/expo-router/entry.js (1074 modules)
λ Bundled 19484ms node_modules/expo-router/node/render.js (1125 modules)
λ  WARN  Require cycle: node_modules/react-native-gesture-handler/lib/commonjs/RNGestureHandlerModule.web.js -> node_modules/react-native-gesture-handler/lib/commonjs/web/Gestures.js -> node_modules/react-native-gesture-handler/lib/commonjs/web/handlers/PanGestureHandler.js -> node_modules/react-native-gesture-handler/lib/commonjs/web/handlers/GestureHandler.js -> node_modules/react-native-gesture-handler/lib/commonjs/handlers/gestureHandlerCommon.js -> node_modules/react-native-gesture-handler/lib/commonjs/RNGestureHandlerModule.web.js

Require cycles are allowed, but can result in uninitialized values. Consider refactoring to remove the need for a cycle.
  factory (node_modules/react-native-gesture-handler/lib/commonjs/handlers/gestureHandlerCommon.js:17:54)
  factory (node_modules/react-native-gesture-handler/lib/commonjs/web/handlers/GestureHandler.js:18:29)
λ  WARN  props.pointerEvents is deprecated. Use style.pointerEvents
Web Bundled 9495ms node_modules/expo-router/entry.js (1099 modules)
λ Bundled 49ms node_modules/expo-router/node/render.js (1 module)
λ  WARN  Require cycle: node_modules/react-native-gesture-handler/lib/commonjs/RNGestureHandlerModule.web.js -> node_modules/react-native-gesture-handler/lib/commonjs/web/Gestures.js -> node_modules/react-native-gesture-handler/lib/commonjs/web/handlers/PanGestureHandler.js -> node_modules/react-native-gesture-handler/lib/commonjs/web/handlers/GestureHandler.js -> node_modules/react-native-gesture-handler/lib/commonjs/handlers/gestureHandlerCommon.js -> node_modules/react-native-gesture-handler/lib/commonjs/RNGestureHandlerModule.web.js

Require cycles are allowed, but can result in uninitialized values. Consider refactoring to remove the need for a cycle.
  factory (node_modules/react-native-gesture-handler/lib/commonjs/handlers/gestureHandlerCommon.js:17:54)
  factory (node_modules/react-native-gesture-handler/lib/commonjs/web/handlers/GestureHandler.js:18:29)
λ  WARN  props.pointerEvents is deprecated. Use style.pointerEvents
Web Bundled 528ms node_modules/expo-router/entry.js (1 module)
Web Bundled 54ms node_modules/expo-router/entry.js (1 module)
 LOG  [web] Logs will appear in the browser console
